21-Sep-2026 18:06:24.038 INFO [main] org.apache.catalina.startup.VersionLoggerListener.log Server version name:   Apache Tomcat/11.0.25
21-Sep-2026 18:06:24.041 INFO [main] org.apache.catalina.startup.VersionLoggerListener.log Server built:          Aug 12 2026 12:46:04 UTC
21-Sep-2026 18:06:24.041 INFO [main] org.apache.catalina.startup.VersionLoggerListener.log Server version number: 11.0.25.0
21-Sep-2026 18:06:24.042 INFO [main] org.apache.catalina.startup.VersionLoggerListener.log OS Name:               Windows 11
21-Sep-2026 18:06:24.042 INFO [main] org.apache.catalina.startup.VersionLoggerListener.log OS Version:            10.0
21-Sep-2026 18:06:24.042 INFO [main] org.apache.catalina.startup.VersionLoggerListener.log Architecture:          amd64
21-Sep-2026 18:06:24.042 INFO [main] org.apache.catalina.startup.VersionLoggerListener.log Java Home:             C:\Program Files\Eclipse Adoptium\jdk-17.0.15.6-hotspot
21-Sep-2026 18:06:24.042 INFO [main] org.apache.catalina.startup.VersionLoggerListener.log JVM Version:           17.0.15+6
21-Sep-2026 18:06:24.042 INFO [main] org.apache.catalina.startup.VersionLoggerListener.log JVM Vendor:            Eclipse Adoptium
21-Sep-2026 18:06:24.043 INFO [main] org.apache.catalina.startup.VersionLoggerListener.log CATALINA_BASE:         C:\java\Apache Java\apache-tomcat-11.0.25
21-Sep-2026 18:06:24.043 INFO [main] org.apache.catalina.startup.VersionLoggerListener.log CATALINA_HOME:         C:\java\Apache Java\apache-tomcat-11.0.25
21-Sep-2026 18:06:24.059 INFO [main] org.apache.catalina.startup.VersionLoggerListener.log Command line argument: -Djava.util.logging.config.file=C:\java\Apache Java\apache-tomcat-11.0.25\conf\logging.properties
21-Sep-2026 18:06:24.059 INFO [main] org.apache.catalina.startup.VersionLoggerListener.log Command line argument: -Djava.util.logging.manager=org.apache.juli.ClassLoaderLogManager
21-Sep-2026 18:06:24.059 INFO [main] org.apache.catalina.startup.VersionLoggerListener.log Command line argument: -Djdk.tls.ephemeralDHKeySize=2048
21-Sep-2026 18:06:24.060 INFO [main] org.apache.catalina.startup.VersionLoggerListener.log Command line argument: --add-opens=java.base/java.lang=ALL-UNNAMED
21-Sep-2026 18:06:24.060 INFO [main] org.apache.catalina.startup.VersionLoggerListener.log Command line argument: --add-opens=java.base/java.lang.reflect=ALL-UNNAMED
21-Sep-2026 18:06:24.060 INFO [main] org.apache.catalina.startup.VersionLoggerListener.log Command line argument: --add-opens=java.base/java.io=ALL-UNNAMED
21-Sep-2026 18:06:24.060 INFO [main] org.apache.catalina.startup.VersionLoggerListener.log Command line argument: --add-opens=java.base/java.util=ALL-UNNAMED
21-Sep-2026 18:06:24.060 INFO [main] org.apache.catalina.startup.VersionLoggerListener.log Command line argument: --add-opens=java.base/java.util.concurrent=ALL-UNNAMED
21-Sep-2026 18:06:24.060 INFO [main] org.apache.catalina.startup.VersionLoggerListener.log Command line argument: --add-opens=java.rmi/sun.rmi.transport=ALL-UNNAMED
21-Sep-2026 18:06:24.060 INFO [main] org.apache.catalina.startup.VersionLoggerListener.log Command line argument: --enable-native-access=ALL-UNNAMED
21-Sep-2026 18:06:24.060 INFO [main] org.apache.catalina.startup.VersionLoggerListener.log Command line argument: -Dcatalina.base=C:\java\Apache Java\apache-tomcat-11.0.25
21-Sep-2026 18:06:24.060 INFO [main] org.apache.catalina.startup.VersionLoggerListener.log Command line argument: -Dcatalina.home=C:\java\Apache Java\apache-tomcat-11.0.25
21-Sep-2026 18:06:24.061 INFO [main] org.apache.catalina.startup.VersionLoggerListener.log Command line argument: -Djava.io.tmpdir=C:\java\Apache Java\apache-tomcat-11.0.25\temp
21-Sep-2026 18:06:24.068 INFO [main] org.apache.catalina.core.AprLifecycleListener.lifecycleEvent The Apache Tomcat Native library which allows using OpenSSL was not found on the java.library.path: [C:\Program Files\Eclipse Adoptium\jdk-17.0.15.6-hotspot\bin;C:\WINDOWS\Sun\Java\bin;C:\WINDOWS\system32;C:\WINDOWS;C:\Program Files\Common Files\Oracle\Java\javapath;C:\Program Files\Eclipse Adoptium\jdk-17.0.15.6-hotspot\bin;C:\Program Files (x86)\Common Files\Intel\Shared Libraries\redist\intel64\compiler;C:\Program Files (x86)\VMware\VMware Workstation\bin\;C:\Windows\system32;C:\Windows;C:\Windows\System32\Wbem;C:\Windows\System32\WindowsPowerShell\v1.0\;C:\Windows\System32\OpenSSH\;C:\Program Files (x86)\NVIDIA Corporation\PhysX\Common;C:\Program Files\NVIDIA Corporation\NVIDIA NvDLISR;C:\MinGW\bin;C:\WINDOWS\system32;C:\WINDOWS;C:\WINDOWS\System32\Wbem;C:\WINDOWS\System32\WindowsPowerShell\v1.0\;C:\WINDOWS\System32\OpenSSH\;C:\Program Files\Git\cmd;C:\Users\goura\AppData\Local\nvm;C:\nvm4w\nodejs;C:\apache-maven-3.9.16\bin;C:\Program Files\MySQL\MySQL Shell 8.0\bin\;C:\Users\goura\AppData\Local\Programs\Python\Python312\Scripts\;C:\Users\goura\AppData\Local\Programs\Python\Python312\;C:\Users\goura\AppData\Local\Microsoft\WindowsApps;C:\Users\goura\AppData\Local\Programs\Microsoft VS Code\bin;C:\Users\goura\AppData\Local\spicetify;C:\Users\goura\AppData\Local\Microsoft\WindowsApps;C:\Program Files\JetBrains\IntelliJ IDEA Community Edition 2025.1.2\bin;;C:\Users\goura\AppData\Local\nvm;C:\nvm4w\nodejs;.]
21-Sep-2026 18:06:24.250 INFO [main] org.apache.coyote.AbstractProtocol.init Initializing ProtocolHandler ["http-nio-8080"]
21-Sep-2026 18:06:24.272 INFO [main] org.apache.catalina.startup.Catalina.load Server initialization in [397] milliseconds
21-Sep-2026 18:06:24.318 INFO [main] org.apache.catalina.core.StandardService.startInternal Starting service [Catalina]
21-Sep-2026 18:06:24.318 INFO [main] org.apache.catalina.core.StandardEngine.startInternal Starting Servlet engine: [Apache Tomcat/11.0.25]
21-Sep-2026 18:06:24.335 INFO [main] org.apache.catalina.startup.HostConfig.deployWAR Deploying web application archive [C:\java\Apache Java\apache-tomcat-11.0.25\webapps\servlet-1.0.war]
21-Sep-2026 18:06:24.666 INFO [main] org.apache.catalina.startup.HostConfig.deployWAR Deployment of web application archive [C:\java\Apache Java\apache-tomcat-11.0.25\webapps\servlet-1.0.war] has finished in [330] ms
21-Sep-2026 18:06:24.667 INFO [main] org.apache.catalina.startup.HostConfig.deployDirectory Deploying web application directory [C:\java\Apache Java\apache-tomcat-11.0.25\webapps\docs]
21-Sep-2026 18:06:24.712 INFO [main] org.apache.catalina.startup.HostConfig.deployDirectory Deployment of web application directory [C:\java\Apache Java\apache-tomcat-11.0.25\webapps\docs] has finished in [44] ms
21-Sep-2026 18:06:24.713 INFO [main] org.apache.catalina.startup.HostConfig.deployDirectory Deploying web application directory [C:\java\Apache Java\apache-tomcat-11.0.25\webapps\examples]
21-Sep-2026 18:06:25.478 INFO [main] org.apache.catalina.startup.HostConfig.deployDirectory Deployment of web application directory [C:\java\Apache Java\apache-tomcat-11.0.25\webapps\examples] has finished in [766] ms
21-Sep-2026 18:06:25.479 INFO [main] org.apache.catalina.startup.HostConfig.deployDirectory Deploying web application directory [C:\java\Apache Java\apache-tomcat-11.0.25\webapps\host-manager]
21-Sep-2026 18:06:25.525 INFO [main] org.apache.catalina.startup.HostConfig.deployDirectory Deployment of web application directory [C:\java\Apache Java\apache-tomcat-11.0.25\webapps\host-manager] has finished in [46] ms
21-Sep-2026 18:06:25.526 INFO [main] org.apache.catalina.startup.HostConfig.deployDirectory Deploying web application directory [C:\java\Apache Java\apache-tomcat-11.0.25\webapps\manager]
21-Sep-2026 18:06:25.557 INFO [main] org.apache.catalina.startup.HostConfig.deployDirectory Deployment of web application directory [C:\java\Apache Java\apache-tomcat-11.0.25\webapps\manager] has finished in [32] ms
21-Sep-2026 18:06:25.558 INFO [main] org.apache.catalina.startup.HostConfig.deployDirectory Deploying web application directory [C:\java\Apache Java\apache-tomcat-11.0.25\webapps\mywebapp]
21-Sep-2026 18:06:25.581 INFO [main] org.apache.catalina.startup.HostConfig.deployDirectory Deployment of web application directory [C:\java\Apache Java\apache-tomcat-11.0.25\webapps\mywebapp] has finished in [23] ms
21-Sep-2026 18:06:25.582 INFO [main] org.apache.catalina.startup.HostConfig.deployDirectory Deploying web application directory [C:\java\Apache Java\apache-tomcat-11.0.25\webapps\ROOT]
21-Sep-2026 18:06:25.609 INFO [main] org.apache.catalina.startup.HostConfig.deployDirectory Deployment of web application directory [C:\java\Apache Java\apache-tomcat-11.0.25\webapps\ROOT] has finished in [27] ms
21-Sep-2026 18:06:25.610 INFO [main] org.apache.catalina.startup.HostConfig.deployDirectory Deploying web application directory [C:\java\Apache Java\apache-tomcat-11.0.25\webapps\Student_reg_form]
21-Sep-2026 18:06:25.630 INFO [main] org.apache.catalina.startup.HostConfig.deployDirectory Deployment of web application directory [C:\java\Apache Java\apache-tomcat-11.0.25\webapps\Student_reg_form] has finished in [20] ms
21-Sep-2026 18:06:25.633 INFO [main] org.apache.coyote.AbstractProtocol.start Starting ProtocolHandler ["http-nio-8080"]
21-Sep-2026 18:06:25.676 INFO [main] org.apache.catalina.startup.Catalina.start Server startup in [1404] milliseconds
